[12:43:49] === EQUAL-HBM sweep START  N=40 backends=[kda] S=[96] seeds=42 free_gb=40 ===
[12:43:49] === Phase 0: live BPS calibration (1 seed per mode, S=96) ===
[12:43:49]   cal kda/dense: structural bps=20971520 (skip)
[12:43:49]   cal kda/padded: launching 1-seed calibration (ckpt=96)...
[12:43:49]   gpu free ok (min 143072MiB >= 40960MiB)
[12:45:42]   cal kda/padded: live bps=12456960 (was 0/placeholder)
[12:45:42]   cal kda/ragged: launching 1-seed calibration (ckpt=96)...
[12:45:53]   gpu free ok (min 143072MiB >= 40960MiB)
[12:47:59]   cal kda/ragged: live bps=7523584 (was 0/placeholder)
[12:47:59]   calibration done. BPS table:
[12:47:59]     kda:dense bps=20971520
[12:47:59]     kda:padded bps=12456960
[12:47:59]     kda:ragged bps=7523584
[12:47:59] --- launch 1/3: kda dense S=96 -> ckpt=96 budget=1.88GiB ---
[12:48:10]   gpu free ok (min 143072MiB >= 40960MiB)
[12:50:17]   launch kda/dense S=96 OK -> 1 seed JSONs
[result] kda/dense N40 seed=42: hit=0.5703 ttft_mean=281.8 p50=262.3 p95=500.8 p99=575.7 thr=997.1 e2e=1008.1 in_tok=234443 ckpt=96 HBM=1920.0MB cap=1.00x peak=NA recon_hits=NA replay_mean=NA
[12:50:17] --- launch 2/3: kda padded S=96 -> ckpt=161 budget=1.88GiB ---
[12:50:27]   gpu free ok (min 143072MiB >= 40960MiB)
[12:52:18]   launch kda/padded S=96 OK -> 1 seed JSONs
[result] kda/padded N40 seed=42: hit=0.7258 ttft_mean=252.6 p50=241.8 p95=526.7 p99=761.4 thr=1117.1 e2e=885.1 in_tok=234443 ckpt=161 HBM=1912.7MB cap=1.69x peak=NA recon_hits=NA replay_mean=NA
[12:52:18] --- launch 3/3: kda ragged S=96 -> ckpt=267 budget=1.88GiB ---
[12:52:28]   gpu free ok (min 143072MiB >= 40960MiB)
[12:54:29]   launch kda/ragged S=96 OK -> 1 seed JSONs
[result] kda/ragged N40 seed=42: hit=0.9670 ttft_mean=181.1 p50=152.4 p95=525.7 p99=526.8 thr=1317.3 e2e=744.8 in_tok=234443 ckpt=267 HBM=1915.7MB cap=2.79x peak=NA recon_hits=NA replay_mean=NA
[12:54:29] === sweep DONE; running plot_equal_hbm.py ===

================ EQUAL-HBM serving control (mean +/- std over seeds) ================
workload: ShareGPT-V3 N40 shared-prefix, num-prompts=184 (all), 3 seeds {42,123,7}
budget fixed per S: bytes = S * bytes_per_slot[dense]; slots = round(budget/bytes_per_slot[mode])
----------------------------------------------------------------------------------------------------
bk  mode       S  HBM_GiB  slots  n            hit_rate           TTFT_ms         thr_tok/s   in_tok
kda padded    48     1.11     96  1      0.5844+/-0.0000    284.6+/-0.0       1004.0+/-0.0       234443
kda ragged    48     0.67     96  1      0.5891+/-0.0000    323.6+/-0.0        935.2+/-0.0       234443
kda dense     96     1.88     96  1      0.5703+/-0.0000    281.8+/-0.0        997.1+/-0.0       234443
kda padded    96     1.87    161  1      0.7258+/-0.0000    252.6+/-0.0       1117.1+/-0.0       234443
kda ragged    96     1.87    267  1      0.9670+/-0.0000    181.1+/-0.0       1317.3+/-0.0       234443
----------------------------------------------------------------------------------------------------
bk  mode       S  HBM_GiB  slots  n            hit_rate           TTFT_ms         thr_tok/s   in_tok
----------------------------------------------------------------------------------------------------

[WARN] budget drift (measured bytes/slot * slots vs target S*bytes_per_slot[dense] > 6%):
   result_kda_padded_N40_w16_ckpt96_recon0_seed42.json: kda/padded S=48 measured=1.196GB target=1.007GB drift=18.8%
   result_kda_ragged_N40_w16_ckpt96_recon0_seed42.json: kda/ragged S=48 measured=0.722GB target=1.007GB drift=28.2%
[invariant] distinct total_input_tokens across all records: [234443] (OK identical)

[plot] matplotlib unavailable (No module named 'matplotlib'); text table above is the citable output.
[12:54:29] === ALL DONE ===
